[java] INTLITERAL(0) INTLITERAL(6) INTLITERAL(748370203) INTLITERAL(0) INTLITERAL(0) INTLITERAL(0) INTLITERAL(5)