CLASS PUBLIC STATIC VOID MAIN STRING EXTENDS RETURN INT BOOLEAN IF ELSE WHILE PRINTLN LENGTH FALSE THIS NEW 