<UNEXPECTED(^)> BECOMES INTLITERAL(8) SEMICOLON ID(a) BECOMES <UNEXPECTED(@)> SEMICOLON <UNEXPECTED(#)> <UNEXPECTED($)> <UNEXPECTED(%)> <UNEXPECTED(&)> <UNEXPECTED(:)> <UNEXPECTED(~)>